// Jest Snapshot v1, https://goo.gl/fbAQLP

exports[`LocalLoading component should match snapshot 1`] = `
<div
  class="sc-bdVaJa eyQUgi"
  data-test="LocalLoading"
>
  <div
    class="sc-bwzfXH eOoZbk"
  >
    <div
      class="sc-htpNat edEKVO"
    />
    <div
      class="sc-htpNat edEKVO"
    />
    <div
      class="sc-htpNat edEKVO"
    />
    <div
      class="sc-htpNat edEKVO"
    />
  </div>
</div>
`;
