// Jest Snapshot v1, https://goo.gl/fbAQLP

exports[`Icon component should match snapshot with AndroidLogo icon 1`] = `
<span
  class="sc-bdVaJa kiatQR"
>
  <svg
    viewBox="0 0 553.048 553.048"
    x="0px"
    xmlns="http://www.w3.org/2000/svg"
    y="0px"
  >
    <g
      fill="currentColor"
      fill-rule="nonzero"
    >
      <g>
        <path
          d="M76.774,179.141c-9.529,0-17.614,3.323-24.26,9.969c-6.646,6.646-9.97,14.621-9.97,23.929v142.914    c0,9.541,3.323,17.619,9.97,24.266c6.646,6.646,14.731,9.97,24.26,9.97c9.522,0,17.558-3.323,24.101-9.97    c6.53-6.646,9.804-14.725,9.804-24.266V213.039c0-9.309-3.323-17.283-9.97-23.929C94.062,182.464,86.082,179.141,76.774,179.141z"
        />
        <path
          d="M351.972,50.847L375.57,7.315c1.549-2.882,0.998-5.092-1.658-6.646c-2.883-1.34-5.098-0.661-6.646,1.989l-23.928,43.88    c-21.055-9.309-43.324-13.972-66.807-13.972c-23.488,0-45.759,4.664-66.806,13.972l-23.929-43.88    c-1.555-2.65-3.77-3.323-6.646-1.989c-2.662,1.561-3.213,3.764-1.658,6.646l23.599,43.532    c-23.929,12.203-42.987,29.198-57.167,51.022c-14.18,21.836-21.273,45.698-21.273,71.628h307.426    c0-25.924-7.094-49.787-21.273-71.628C394.623,80.045,375.675,63.05,351.972,50.847z M215.539,114.165    c-2.552,2.558-5.6,3.831-9.143,3.831c-3.55,0-6.536-1.273-8.972-3.831c-2.436-2.546-3.654-5.582-3.654-9.137    c0-3.543,1.218-6.585,3.654-9.137c2.436-2.546,5.429-3.819,8.972-3.819s6.591,1.273,9.143,3.819    c2.546,2.558,3.825,5.594,3.825,9.137C219.357,108.577,218.079,111.619,215.539,114.165z M355.625,114.165    c-2.441,2.558-5.434,3.831-8.971,3.831c-3.551,0-6.598-1.273-9.145-3.831c-2.551-2.546-3.824-5.582-3.824-9.137    c0-3.543,1.273-6.585,3.824-9.137c2.547-2.546,5.594-3.819,9.145-3.819c3.543,0,6.529,1.273,8.971,3.819    c2.438,2.558,3.654,5.594,3.654,9.137C359.279,108.577,358.062,111.619,355.625,114.165z"
        />
        <path
          d="M123.971,406.804c0,10.202,3.543,18.838,10.63,25.925c7.093,7.087,15.729,10.63,25.924,10.63h24.596l0.337,75.454    c0,9.528,3.323,17.619,9.969,24.266s14.627,9.97,23.929,9.97c9.523,0,17.613-3.323,24.26-9.97s9.97-14.737,9.97-24.266v-75.447    h45.864v75.447c0,9.528,3.322,17.619,9.969,24.266s14.73,9.97,24.26,9.97c9.523,0,17.613-3.323,24.26-9.97    s9.969-14.737,9.969-24.266v-75.447h24.928c9.969,0,18.494-3.544,25.594-10.631c7.086-7.087,10.631-15.723,10.631-25.924V185.45    H123.971V406.804z"
        />
        <path
          d="M476.275,179.141c-9.309,0-17.283,3.274-23.93,9.804c-6.646,6.542-9.969,14.578-9.969,24.094v142.914    c0,9.541,3.322,17.619,9.969,24.266s14.627,9.97,23.93,9.97c9.523,0,17.613-3.323,24.26-9.97s9.969-14.725,9.969-24.266V213.039    c0-9.517-3.322-17.552-9.969-24.094C493.888,182.415,485.798,179.141,476.275,179.141z"
        />
      </g>
    </g>
    <g />
    <g />
    <g />
    <g />
    <g />
    <g />
    <g />
    <g />
    <g />
    <g />
    <g />
    <g />
    <g />
    <g />
    <g />
  </svg>
</span>
`;

exports[`Icon component should match snapshot with AppleLogo icon 1`] = `
<span
  class="sc-bdVaJa kiatQR"
>
  <svg
    version="1.1"
    viewBox="0 0 170 170"
  >
    <path
      d="m150.37 130.25c-2.45 5.66-5.35 10.87-8.71 15.66-4.58 6.53-8.33 11.05-11.22 13.56-4.48 4.12-9.28 6.23-14.42 6.35-3.69 0-8.14-1.05-13.32-3.18-5.197-2.12-9.973-3.17-14.34-3.17-4.58 0-9.492 1.05-14.746 3.17-5.262 2.13-9.501 3.24-12.742 3.35-4.929 0.21-9.842-1.96-14.746-6.52-3.13-2.73-7.045-7.41-11.735-14.04-5.032-7.08-9.169-15.29-12.41-24.65-3.471-10.11-5.211-19.9-5.211-29.378 0-10.857 2.346-20.221 7.045-28.068 3.693-6.303 8.606-11.275 14.755-14.925s12.793-5.51 19.948-5.629c3.915 0 9.049 1.211 15.429 3.591 6.362 2.388 10.447 3.599 12.238 3.599 1.339 0 5.877-1.416 13.57-4.239 7.275-2.618 13.415-3.702 18.445-3.275 13.63 1.1 23.87 6.473 30.68 16.153-12.19 7.386-18.22 17.731-18.1 31.002 0.11 10.337 3.86 18.939 11.23 25.769 3.34 3.17 7.07 5.62 11.22 7.36-0.9 2.61-1.85 5.11-2.86 7.51zm-31.26-123.01c0 8.1021-2.96 15.667-8.86 22.669-7.12 8.324-15.732 13.134-25.071 12.375-0.119-0.972-0.188-1.995-0.188-3.07 0-7.778 3.386-16.102 9.399-22.908 3.002-3.446 6.82-6.3113 11.45-8.597 4.62-2.2516 8.99-3.4968 13.1-3.71 0.12 1.0831 0.17 2.1663 0.17 3.2409z"
      fill="currentColor"
      fill-rule="nonzero"
    />
  </svg>
</span>
`;

exports[`Icon component should match snapshot with Arrow icon 1`] = `
<span
  class="sc-bdVaJa kiatQR"
>
  <svg
    version="1.1"
    viewBox="0 0 1000 1000"
    x="0px"
    y="0px"
  >
    <g>
      <path
        d="M560.1,507.6"
        fill="currentColor"
        fill-rule="nonzero"
      />
      <path
        d="M672.8,476.3"
        fill="currentColor"
        fill-rule="nonzero"
      />
      <path
        d="M177,681.2"
        fill="currentColor"
        fill-rule="nonzero"
      />
      <path
        d="M812.5,929.1L383.4,500L812.5,70.9c13.9-13.9,13.9-36.5,0-50.5C798.6,6.5,776,6.5,762,20.5L307.7,474.8c-13.9,13.9-13.9,36.5,0,50.5L762,979.5c13.9,13.9,36.5,13.9,50.5,0C826.5,965.6,826.5,943,812.5,929.1z"
        fill="currentColor"
        fill-rule="nonzero"
      />
    </g>
  </svg>
</span>
`;

exports[`Icon component should match snapshot with Attention icon 1`] = `
<span
  class="sc-bdVaJa kiatQR"
>
  <svg
    height="140"
    viewBox="0 0 140 140"
    width="140"
    xmlns="http://www.w3.org/2000/svg"
  >
    <g
      fill="currentColor"
      fill-rule="nonzero"
    >
      <g
        transform="translate(66.655 42.516)"
      >
        <path
          d="M5.3 28.606a3.812 3.812 0 0 1-3.814-3.814V3.814A3.812 3.812 0 0 1 5.3 0a3.812 3.812 0 0 1 3.814 3.814v20.978A3.812 3.812 0 0 1 5.3 28.606z"
        />
        <circle
          cx="5.302"
          cy="41.273"
          r="4.495"
        />
      </g>
      <path
        d="M72.692 113.078c-25.238 0-45.769-20.53-45.769-45.77 0-25.238 20.53-45.768 45.77-45.768 25.238 0 45.769 20.53 45.769 45.769 0 25.238-20.531 45.77-45.77 45.77zm0-83.91c-21.03 0-38.14 17.111-38.14 38.14 0 21.03 17.11 38.142 38.14 38.142s38.141-17.111 38.141-38.141c0-21.03-17.111-38.141-38.14-38.141z"
      />
    </g>
  </svg>
</span>
`;

exports[`Icon component should match snapshot with Bullet icon 1`] = `
<span
  class="sc-bdVaJa kiatQR"
>
  <svg>
    <path
      d="M7.11,2.102C7.056,2.046,7.074,2.001,7.152,2.001h1.198c0.078,0,0.187,0.045,0.242,0.1l3.307,3.284c0.056,0.055,0.056,0.145,0,0.2L8.593,8.885C8.537,8.94,8.429,8.985,8.351,8.985H7.152c-0.078,0-0.097-0.045-0.042-0.101l3.274-3.291c0.055-0.055,0.055-0.146,0-0.201L7.11,2.102z M3.095,2.102C3.04,2.046,3.059,2.001,3.137,2.001h1.198c0.078,0,0.187,0.045,0.242,0.1l3.307,3.284c0.056,0.055,0.056,0.145,0,0.2L4.577,8.885C4.521,8.94,4.413,8.985,4.335,8.985H3.137c-0.078,0-0.097-0.045-0.042-0.101l3.273-3.291c0.055-0.055,0.055-0.146,0-0.201L3.095,2.102z"
      fill="currentColor"
      fill-rule="nonzero"
    />
  </svg>
</span>
`;

exports[`Icon component should match snapshot with Check icon 1`] = `
<span
  class="sc-bdVaJa kiatQR"
>
  <svg
    height="13px"
    version="1.1"
    viewBox="0 0 13 13"
    width="13px"
    xmlns="http://www.w3.org/2000/svg"
  >
    <polygon
      fill="currentColor"
      id="Path"
      points="5.13566407 8.82386472 2.28519856 6.20634619 1 7.60573817 5.23218697 11.4917348 12 3.3032491 10.6173285 2"
    />
  </svg>
</span>
`;

exports[`Icon component should match snapshot with Close icon 1`] = `
<span
  class="sc-bdVaJa kiatQR"
>
  <svg
    height="16"
    viewBox="0 0 16 16"
    width="16"
    xmlns="http://www.w3.org/2000/svg"
  >
    <path
      d="M8.12 15.24A7.12 7.12 0 1 0 8.12 1a7.12 7.12 0 0 0 0 14.24zm0-.95a6.17 6.17 0 1 1 0-12.34 6.17 6.17 0 0 1 0 12.34zm-.084-6.639L6.19 5.804a.475.475 0 0 0-.672.671l1.848 1.848-1.848 1.847a.475.475 0 0 0 .672.671l1.847-1.847 1.848 1.847a.475.475 0 0 0 .67-.671L8.708 8.323l1.848-1.848a.475.475 0 0 0-.671-.671L8.036 7.65z"
      fill="currentColor"
      fill-rule="evenodd"
      stroke="currentColor"
      stroke-width=".4"
    />
  </svg>
</span>
`;

exports[`Icon component should match snapshot with Facebook icon 1`] = `
<span
  class="sc-bdVaJa kiatQR"
>
  <svg
    version="1.1"
    viewBox="0 0 1000 1000"
    x="0px"
    y="0px"
  >
    <g>
      <g>
        <g>
          <path
            d="M749.4,360H570v-87.5c0,0-10-83.2,48.1-83.2c65.7,0,118.2,0,118.2,0V10H535c0,0-168.4-0.7-168.4,168.4c0,36.3-0.2,102.5-0.4,181.6H250.6v144.4h115.3c-0.7,229.6-1.5,485.5-1.5,485.5H570V504.5h135.7L749.4,360z"
            fill="currentColor"
            fill-rule="nonzero"
          />
        </g>
        <g />
        <g />
        <g />
        <g />
        <g />
        <g />
        <g />
        <g />
        <g />
        <g />
        <g />
        <g />
        <g />
        <g />
        <g />
      </g>
      <g />
      <g />
      <g />
      <g />
      <g />
      <g />
      <g />
      <g />
      <g />
      <g />
      <g />
      <g />
      <g />
      <g />
      <g />
    </g>
  </svg>
</span>
`;

exports[`Icon component should match snapshot with Gear icon 1`] = `
<span
  class="sc-bdVaJa kiatQR"
>
  <svg
    viewBox="0 0 24 24"
  >
    <path
      d="M17 12.645v-2.289c-1.17-.417-1.907-.533-2.28-1.431-.373-.9.07-1.512.6-2.625l-1.618-1.619c-1.105.525-1.723.974-2.626.6-.9-.374-1.017-1.117-1.431-2.281h-2.29c-.412 1.158-.53 1.907-1.431 2.28h-.001c-.9.374-1.51-.07-2.625-.6l-1.617 1.619c.527 1.11.973 1.724.6 2.625-.375.901-1.123 1.019-2.281 1.431v2.289c1.155.412 1.907.531 2.28 1.431.376.908-.081 1.534-.6 2.625l1.618 1.619c1.107-.525 1.724-.974 2.625-.6h.001c.9.373 1.018 1.118 1.431 2.28h2.289c.412-1.158.53-1.905 1.437-2.282h.001c.894-.372 1.501.071 2.619.602l1.618-1.619c-.525-1.107-.974-1.723-.601-2.625.374-.899 1.126-1.019 2.282-1.43zm-8.5 1.689c-1.564 0-2.833-1.269-2.833-2.834s1.269-2.834 2.833-2.834 2.833 1.269 2.833 2.834-1.269 2.834-2.833 2.834zm15.5 4.205v-1.077c-.55-.196-.897-.251-1.073-.673-.176-.424.033-.711.282-1.236l-.762-.762c-.52.248-.811.458-1.235.283-.424-.175-.479-.525-.674-1.073h-1.076c-.194.545-.25.897-.674 1.073-.424.176-.711-.033-1.235-.283l-.762.762c.248.523.458.812.282 1.236-.176.424-.528.479-1.073.673v1.077c.544.193.897.25 1.073.673.177.427-.038.722-.282 1.236l.762.762c.521-.248.812-.458 1.235-.283.424.175.479.526.674 1.073h1.076c.194-.545.25-.897.676-1.074h.001c.421-.175.706.034 1.232.284l.762-.762c-.247-.521-.458-.812-.282-1.235s.529-.481 1.073-.674zm-4 .794c-.736 0-1.333-.597-1.333-1.333s.597-1.333 1.333-1.333 1.333.597 1.333 1.333-.597 1.333-1.333 1.333z"
      fill="currentColor"
      fill-rule="nonzero"
    />
  </svg>
</span>
`;

exports[`Icon component should match snapshot with GooglePlus icon 1`] = `
<span
  class="sc-bdVaJa kiatQR"
>
  <svg
    version="1.1"
    viewBox="0 0 1000 1000"
    x="0px"
    y="0px"
  >
    <g>
      <path
        d="M61.8,259.3c0,81.5,27.2,140.3,80.9,174.9c44,28.4,94.9,32.6,121.5,32.6c6.4,0,11.6-0.3,15.2-0.5c0,0-8.4,54.8,32.2,108.9h-1.9C239.4,575.2,10,589.9,10,778.5c0,191.8,210.7,201.6,253,201.6c3.3,0,5.3-0.1,5.3-0.1c0.4,0,3.4,0.1,8.6,0.1c27.1,0,97.2-3.4,162.3-35.1c84.5-40.9,127.3-112.3,127.3-212c0-96.2-65.3-153.5-112.9-195.4c-29.1-25.6-54.2-47.6-54.2-69.1c0-21.8,18.4-38.2,41.6-59C478.5,376,514,328.1,514,237.7c0-79.5-10.3-132.9-73.9-166.8c6.6-3.4,30.1-5.8,41.6-7.5c34.4-4.7,84.8-10,84.8-38.1v-5.4H315.6C313.1,20,61.8,29.2,61.8,259.3z M466.9,751.1c4.8,76.7-60.8,133.3-159.4,140.4c-100.1,7.4-182.5-37.7-187.3-114.4c-2.3-36.9,13.9-72.9,45.6-101.7c32.1-29.1,76.3-47.1,124.3-50.6c5.7-0.3,11.3-0.7,16.9-0.7C399.6,624.3,462.4,678.7,466.9,751.1z M401.4,206.8c24.6,86.6-12.5,177.1-71.8,193.9c-6.8,1.9-13.8,2.8-21,2.8c-54.2,0-108-54.9-127.9-130.6c-11.1-42.3-10.2-79.6,2.6-115.2c12.5-35.2,35.1-58.8,63.5-66.8c6.8-1.9,13.9-2.9,21-2.9C333.2,87.9,375.3,115.1,401.4,206.8z M826.3,390.9V227.2H717.2v163.7H553.5V500h163.7v163.7h109.1V500H990V390.9H826.3z"
        fill="currentColor"
        fill-rule="nonzero"
      />
    </g>
  </svg>
</span>
`;

exports[`Icon component should match snapshot with Landscape icon 1`] = `
<span
  class="sc-bdVaJa kiatQR"
>
  <svg
    id="Capa_1"
    version="1.1"
    viewBox="0 0 611.922 611.922"
    x="0px"
    y="0px"
  >
    <g>
      <path
        d="M159.51,259.398c37.779,0,68.872-31.094,68.872-68.872s-31.094-68.872-68.872-68.872s-68.872,31.094-68.872,68.872
 C91.493,228.305,121.731,259.398,159.51,259.398z M159.51,152.747c20.988,0,37.779,16.791,37.779,37.779
 s-16.791,37.779-37.779,37.779s-37.779-16.791-37.779-37.779C122.587,169.538,139.377,152.747,159.51,152.747z M570.879,36.924
 H40.266C18.423,36.924,0,54.569,0,77.19v457.542c0,21.843,17.646,40.266,40.266,40.266h531.39
 c21.843,0,40.266-17.646,40.266-40.266V77.19C611.145,55.347,593.499,36.924,570.879,36.924z M580.129,471.768H120.876
 l95.691-127.639l60.477,56.279c3.343,3.343,7.54,4.198,12.593,4.198c4.198-0.855,8.395-2.487,10.883-6.685l152.825-217.422
 l126.784,141.865V471.768L580.129,471.768z M40.266,67.94h531.39c5.053,0,9.25,4.198,9.25,9.25v197.289L464.228,144.352
 c-3.343-3.343-7.54-5.053-12.593-5.053c-5.053,0-9.25,2.488-11.738,6.685L285.439,365.117l-60.477-55.347
 c-3.343-3.343-7.54-4.198-11.738-4.198c-4.198,0-8.395,2.487-10.883,5.908L82.243,470.913H31.016V76.335
 C31.016,72.137,35.214,67.94,40.266,67.94z M570.879,543.983H40.266c-5.053,0-9.25-4.198-9.25-9.25v-31.871h549.035v31.871
 C580.129,539.785,575.931,543.983,570.879,543.983z"
        fill="currentColor"
        fill-rule="nonzero"
      />
    </g>
    <g />
    <g />
    <g />
    <g />
    <g />
    <g />
    <g />
    <g />
    <g />
    <g />
    <g />
    <g />
    <g />
    <g />
    <g />
  </svg>
</span>
`;

exports[`Icon component should match snapshot with LinkedIn icon 1`] = `
<span
  class="sc-bdVaJa kiatQR"
>
  <svg
    id="Capa_1"
    version="1.1"
    viewBox="0 0 438.536 438.535"
    x="0px"
    y="0px"
  >
    <g>
      <g>
        <rect
          fill="currentColor"
          fill-rule="nonzero"
          height="282.932"
          width="94.216"
          x="5.424"
          y="145.895"
        />
        <path
          d="M408.842,171.739c-19.791-21.604-45.967-32.408-78.512-32.408c-11.991,0-22.891,1.475-32.695,4.427    c-9.801,2.95-18.079,7.089-24.838,12.419c-6.755,5.33-12.135,10.278-16.129,14.844c-3.798,4.337-7.512,9.389-11.136,15.104    v-40.232h-93.935l0.288,13.706c0.193,9.139,0.288,37.307,0.288,84.508c0,47.205-0.19,108.777-0.572,184.722h93.931V270.942    c0-9.705,1.041-17.412,3.139-23.127c4-9.712,10.037-17.843,18.131-24.407c8.093-6.572,18.13-9.855,30.125-9.855    c16.364,0,28.407,5.662,36.117,16.987c7.707,11.324,11.561,26.98,11.561,46.966V428.82h93.931V266.664    C438.529,224.976,428.639,193.336,408.842,171.739z"
          fill="currentColor"
          fill-rule="nonzero"
        />
        <path
          d="M53.103,9.708c-15.796,0-28.595,4.619-38.4,13.848C4.899,32.787,0,44.441,0,58.529c0,13.891,4.758,25.505,14.275,34.829    c9.514,9.325,22.078,13.99,37.685,13.99h0.571c15.99,0,28.887-4.661,38.688-13.99c9.801-9.324,14.606-20.934,14.417-34.829    c-0.19-14.087-5.047-25.742-14.561-34.973C81.562,14.323,68.9,9.708,53.103,9.708z"
          fill="currentColor"
          fill-rule="nonzero"
        />
      </g>
    </g>
    <g />
    <g />
    <g />
    <g />
    <g />
    <g />
    <g />
    <g />
    <g />
    <g />
    <g />
    <g />
    <g />
    <g />
    <g />
  </svg>
</span>
`;

exports[`Icon component should match snapshot with MicrosoftLogo icon 1`] = `
<span
  class="sc-bdVaJa kiatQR"
>
  <svg
    viewBox="0 0 88 88"
  >
    <path
      d="m0 12.402 35.687-4.8602.0156 34.423-35.67.20313zm35.67 33.529.0277 34.453-35.67-4.9041-.002-29.78zm4.3261-39.025 47.318-6.906v41.527l-47.318.37565zm47.329 39.349-.0111 41.34-47.318-6.6784-.0663-34.739z"
      fill="currentColor"
      fill-rule="nonzero"
    />
  </svg>
</span>
`;

exports[`Icon component should match snapshot with Monitor icon 1`] = `
<span
  class="sc-bdVaJa kiatQR"
>
  <svg
    id="Layer_1"
    version="1.1"
    viewBox="0 0 511.999 511.999"
    x="0px"
    y="0px"
  >
    <g>
      <g>
        <path
          d="M471.246,24.766H40.754C18.283,24.766,0,43.049,0,65.52v59.227c0,4.602,3.731,8.332,8.332,8.332
 c4.601,0,8.332-3.731,8.332-8.332V65.52c0-13.284,10.807-24.09,24.09-24.09h430.492c13.284,0,24.09,10.807,24.09,24.09v284.411
 h-52.21c-4.602,0-8.332,3.731-8.332,8.332s3.731,8.332,8.332,8.332h52.21v15.273c0,13.284-10.807,24.09-24.09,24.09h-155.41
 H196.164H40.754c-13.284,0-24.09-10.807-24.09-24.09v-15.273h398.688c4.602,0,8.332-3.731,8.332-8.332s-3.731-8.332-8.332-8.332
 H16.664V152.522c0-4.602-3.731-8.332-8.332-8.332c-4.601,0-8.332,3.73-8.332,8.332V381.87c0,22.472,18.283,40.754,40.754,40.754
 H183.54l-20.494,47.945h-40.034c-4.602,0-8.332,3.731-8.332,8.332s3.731,8.332,8.332,8.332h265.975
 c4.602,0,8.332-3.731,8.332-8.332s-3.731-8.332-8.332-8.332h-40.034l-20.494-47.945h142.786c22.472,0,40.754-18.282,40.754-40.754
 V65.52C512,43.049,493.717,24.766,471.246,24.766z M330.83,470.568H181.17l14.238-33.31h121.183L330.83,470.568z"
          fill="currentColor"
          fill-rule="nonzero"
        />
      </g>
    </g>
    <g>
      <g>
        <path
          d="M262.925,379.678c-1.914-2.906-5.583-4.298-8.952-3.457c-3.517,0.879-6.116,4.048-6.291,7.67
 c-0.364,7.534,9.107,11.629,14.33,6.172C264.674,387.282,265.089,382.887,262.925,379.678z"
        />
      </g>
    </g>
    <g />
    <g />
    <g />
    <g />
    <g />
    <g />
    <g />
    <g />
    <g />
    <g />
    <g />
    <g />
    <g />
    <g />
    <g />
  </svg>
</span>
`;

exports[`Icon component should match snapshot with Palette icon 1`] = `
<span
  class="sc-bdVaJa kiatQR"
>
  <svg
    version="1.1"
    viewBox="0 0 1000 1000"
    x="0px"
    y="0px"
  >
    <g>
      <g>
        <g>
          <path
            d="M945.2,330.7c-29.9-54.4-71.4-97.3-124.5-128.5c-53.1-31.2-112.5-54.1-178.3-68.7c-65.7-14.6-139.1-21.9-220.1-21.9c-61.1,0-118.5,11.3-172.3,33.9c-53.8,22.6-97.6,50.5-131.5,83.7c-33.9,33.2-60.4,67.1-79.7,101.6C19.6,365.2,10,395.8,10,422.3c0,54.4,13.3,98.3,39.8,131.5c26.6,33.2,65.1,49.8,115.5,49.8c53.1,0,92,7.6,116.5,22.9s36.9,42.2,36.9,80.7c0,51.8,17.3,94.9,51.8,129.5c34.5,34.5,77.7,51.8,129.5,51.8c158,0,279.2-35.9,363.5-107.6c84.3-71.7,126.5-156.7,126.5-255C990,450.2,975.1,385.1,945.2,330.7z M224.1,481.1c-12.6,12.6-27.9,18.9-45.8,18.9c-17.9,0-33.2-6.3-45.8-18.9c-12.6-12.6-18.9-27.9-18.9-45.8c0-17.9,6.3-33.2,18.9-45.8c12.6-12.6,27.9-18.9,45.8-18.9c17.9,0,33.2,6.3,45.8,18.9c12.6,12.6,18.9,27.9,18.9,45.8C243,453.2,236.7,468.5,224.1,481.1z M357.6,344.6c-17.9,0-32.9-6.3-44.8-18.9c-12-12.6-17.9-27.9-17.9-45.8c0-17.9,6-33.2,17.9-45.8c12-12.6,26.9-18.9,44.8-18.9c17.9,0,33.2,6.3,45.8,18.9c12.6,12.6,18.9,27.9,18.9,45.8c0,17.9-6.3,33.2-18.9,45.8C390.8,338.3,375.5,344.6,357.6,344.6z M554.8,761.9c-15.3,15.3-33.5,22.9-54.8,22.9c-21.2,0-39.5-7.6-54.8-22.9c-15.3-15.3-22.9-33.5-22.9-54.8c0-21.2,7.6-39.5,22.9-54.8c15.3-15.3,33.5-22.9,54.8-22.9c21.2,0,39.5,7.6,54.8,22.9c15.3,15.3,22.9,33.5,22.9,54.8C577.7,728.4,570,746.7,554.8,761.9z M610.5,325.7c-12.6,12.6-27.9,18.9-45.8,18.9c-17.9,0-33.2-6.3-45.8-18.9S500,297.8,500,279.9c0-17.9,6.3-33.2,18.9-45.8c12.6-12.6,27.9-18.9,45.8-18.9c17.9,0,33.2,6.3,45.8,18.9c12.6,12.6,18.9,27.9,18.9,45.8C629.5,297.8,623.2,313.1,610.5,325.7z M815.7,429.3c-12.6,12.6-27.9,18.9-45.8,18.9s-33.2-6.3-45.8-18.9c-12.6-12.6-18.9-27.9-18.9-45.8s6.3-33.2,18.9-45.8s27.9-18.9,45.8-18.9s33.2,6.3,45.8,18.9c12.6,12.6,18.9,27.9,18.9,45.8S828.3,416.7,815.7,429.3z"
            fill="currentColor"
            fill-rule="nonzero"
          />
        </g>
      </g>
      <g />
      <g />
      <g />
      <g />
      <g />
      <g />
      <g />
      <g />
      <g />
      <g />
      <g />
      <g />
      <g />
      <g />
      <g />
    </g>
  </svg>
</span>
`;

exports[`Icon component should match snapshot with Pinterest icon 1`] = `
<span
  class="sc-bdVaJa kiatQR"
>
  <svg
    id="Layer_1"
    version="1.1"
    viewBox="0 0 54 54"
    x="0px"
    y="0px"
  >
    <g>
      <path
        d="M45.2,15.5c1.9,3.3,2.9,6.9,2.9,10.8s-1,7.5-2.9,10.8c-1.9,3.3-4.5,5.9-7.8,7.8c-3.3,1.9-6.9,2.9-10.8,2.9   c-2.1,0-4.1-0.3-6.1-0.9c1.1-1.7,1.8-3.3,2.2-4.6c0.2-0.6,0.7-2.6,1.5-5.9c0.4,0.7,1.1,1.4,2,1.9c1,0.5,2,0.8,3.2,0.8   c2.3,0,4.3-0.6,6-1.9c1.8-1.3,3.1-3,4.1-5.3c1-2.2,1.5-4.7,1.5-7.5c0-2.1-0.6-4.1-1.7-6c-1.1-1.9-2.7-3.4-4.8-4.5S30.1,12,27.5,12   c-2,0-3.8,0.3-5.5,0.8c-1.7,0.5-3.1,1.3-4.3,2.1c-1.2,0.9-2.2,1.9-3,3.1c-0.8,1.2-1.5,2.4-1.9,3.6c-0.4,1.2-0.6,2.5-0.6,3.7   c0,1.9,0.4,3.6,1.1,5.1c0.7,1.5,1.8,2.5,3.3,3.1c0.6,0.2,0.9,0,1.1-0.6c0-0.1,0.1-0.4,0.2-0.9c0.1-0.4,0.2-0.7,0.2-0.8   c0.1-0.4,0-0.8-0.3-1.2c-0.9-1.1-1.4-2.5-1.4-4.2c0-2.8,1-5.2,2.9-7.2c1.9-2,4.5-3,7.6-3c2.8,0,5,0.8,6.6,2.3   c1.6,1.5,2.4,3.5,2.4,5.9c0,3.2-0.6,5.9-1.9,8.1c-1.3,2.2-2.9,3.3-4.9,3.3c-1.1,0-2-0.4-2.7-1.2c-0.7-0.8-0.9-1.8-0.6-2.9   c0.1-0.7,0.4-1.5,0.7-2.6c0.3-1.1,0.6-2,0.8-2.9c0.2-0.8,0.3-1.5,0.3-2.1c0-0.9-0.3-1.7-0.8-2.3c-0.5-0.6-1.2-0.9-2.1-0.9   c-1.2,0-2.1,0.5-2.9,1.6c-0.8,1.1-1.2,2.4-1.2,4c0,1.4,0.2,2.5,0.7,3.4L18.4,41c-0.3,1.3-0.4,2.9-0.4,4.9c-3.8-1.7-6.9-4.3-9.3-7.8   s-3.5-7.5-3.5-11.8c0-3.9,1-7.5,2.9-10.8c1.9-3.3,4.5-5.9,7.8-7.8c3.3-1.9,6.9-2.9,10.8-2.9c3.9,0,7.5,1,10.8,2.9   S43.3,12.2,45.2,15.5z"
        fill="currentColor"
        fill-rule="nonzero"
      />
    </g>
  </svg>
</span>
`;

exports[`Icon component should match snapshot with Target icon 1`] = `
<span
  class="sc-bdVaJa kiatQR"
>
  <svg
    id="Capa_1"
    version="1.1"
    viewBox="0 0 415.881 415.881"
    x="0px"
    y="0px"
  >
    <g>
      <g>
        <path
          d="M179.641,189.565c2.455,0,4.869,0.193,7.223,0.561l36.999-36.998c-13.193-7.048-28.249-11.051-44.221-11.051
 c-51.92,0-94.162,42.241-94.162,94.162c0,51.921,42.242,94.162,94.162,94.162s94.161-42.241,94.161-94.162
 c0-15.973-4.002-31.027-11.051-44.22l-36.997,36.999c0.367,2.354,0.56,4.766,0.56,7.222c0,25.736-20.937,46.674-46.672,46.674
 c-25.736,0-46.674-20.938-46.674-46.674S153.905,189.565,179.641,189.565z"
          fill="currentColor"
          fill-rule="nonzero"
        />
        <path
          d="M290.454,164.316c13.488,20.712,21.338,45.417,21.338,71.922c0,72.87-59.281,132.153-132.15,132.153
 c-72.869,0-132.153-59.283-132.153-132.152s59.283-132.153,132.152-132.153c26.508,0,51.211,7.851,71.924,21.34l34.104-34.104
 c-29.738-21.817-66.402-34.724-106.027-34.724c-99.055,0-179.641,80.587-179.641,179.641c0,99.054,80.586,179.642,179.641,179.642
 c99.054,0,179.638-80.588,179.638-179.642c0-39.626-12.904-76.29-34.721-106.026L290.454,164.316z"
        />
        <path
          d="M415.415,56.64c-1.119-3.539-4.119-6.157-7.775-6.793l-35.449-6.157l-6.156-35.45c-0.637-3.656-3.256-6.655-6.793-7.774
 c-3.537-1.122-7.402-0.178-10.027,2.447l-27.412,27.411c-1.863,1.864-2.91,4.393-2.912,7.029l0.002,40.896l-148.1,148.096
 c-5.176,5.177-5.176,13.566,0,18.743c5.178,5.175,13.568,5.177,18.744,0L337.632,96.991h40.896c2.635,0,5.164-1.047,7.027-2.911
 l27.412-27.413C415.593,64.044,416.536,60.177,415.415,56.64z"
        />
      </g>
    </g>
    <g />
    <g />
    <g />
    <g />
    <g />
    <g />
    <g />
    <g />
    <g />
    <g />
    <g />
    <g />
    <g />
    <g />
    <g />
  </svg>
</span>
`;

exports[`Icon component should match snapshot with Twitter icon 1`] = `
<span
  class="sc-bdVaJa kiatQR"
>
  <svg
    version="1.1"
    viewBox="0 0 1000 1000"
    x="0px"
    y="0px"
  >
    <g>
      <g>
        <path
          d="M794.1,267.5c-0.6-0.3-1.2-1-1.8-1.6c-36.7-32.7-79.7-48.3-129.2-46.4l-1.5-3.3c0.3-0.3,0.6-0.3,0.9-0.3c44.9-9.8,60.1-8.5,68-19.4c2.7-8.9-0.6-13.7-10.4-15c-22.7,2.8-43.4,7.3-62.1,14.4c23.6-14.4,32.7-24.4,27.5-29.7c-20.7-12.6-49.7,9.7-52.2,8.2c-12.5,8.2-23.5,17.1-33,26.6c-19.9,21.1-24.4,29.3-36.5,47l-0.6,1.5c-31.5,48.6-64.9,97.4-78.1,147.3l-4.9,3.7l-0.9,0.9c-18.9-22.6-71.9-93.9-115.3-112.2c-47.5-23.3-162-44.3-210.5-59.2c-0.3,51.6,26.2,92.9,79.2,122.8v0.9c-58.2-8.9-50.5-3.1-54.1,7.6c3.4,48,39.1,81,106.9,99.3l-0.3,0.9c-26.6-1.5-74-5.4-65.7,25.7c22.3,41.5,61.7,61.4,118.8,59.9c-11.3,5.6-20.2,11.5-26,18.3c-10.4,10.4-13.7,22.7-10.4,36.6c12.2,21.1,34.2,30.8,66.6,29.4l0,0l1.8,2.1c-0.3,0.3-0.6,0.6-0.9,1c-55.9,55-123.4,79.7-202.6,74.5l-1.2,0.6c-48.3-0.3-99.9-22.4-155.8-66.3c56.2,77,130.8,132.6,223,167.4c105.7,33.3,211.4,35.8,316.8,7.3h1.8c102.4-28.1,189.1-85.9,260.6-173.1c33-45.9,53.8-89.6,62.1-131.4c53.4,1.8,91.9-12.8,115.7-44l-0.6-1c-17.7,6.1-52.6,4.3-104.2-5.8v-5.5c0-0.3,0-0.3,0.3,0c56.5-6.1,89.9-23.5,100.6-52.2c-39.4,14.7-78.3,15-116.8,1.3C862.4,355.4,837.5,309.3,794.1,267.5z"
          fill="currentColor"
          fill-rule="nonzero"
        />
      </g>
      <g />
      <g />
      <g />
      <g />
      <g />
      <g />
      <g />
      <g />
      <g />
      <g />
      <g />
      <g />
      <g />
      <g />
      <g />
    </g>
  </svg>
</span>
`;

exports[`Icon component should match snapshot with User icon 1`] = `
<span
  class="sc-bdVaJa kiatQR"
>
  <svg
    version="1.1"
    viewBox="0 -256 1792 1792"
  >
    <g
      transform="matrix(1,0,0,-1,197.42373,1300.6102)"
    >
      <path
        d="M 1408,131 Q 1408,11 1335,-58.5 1262,-128 1141,-128 H 267 Q 146,-128 73,-58.5 0,11 0,131 0,184 3.5,234.5 7,285 17.5,343.5 28,402 44,452 q 16,50 43,97.5 27,47.5 62,81 35,33.5 85.5,53.5 50.5,20 111.5,20 9,0 42,-21.5 33,-21.5 74.5,-48 41.5,-26.5 108,-48 Q 637,565 704,565 q 67,0 133.5,21.5 66.5,21.5 108,48 41.5,26.5 74.5,48 33,21.5 42,21.5 61,0 111.5,-20 50.5,-20 85.5,-53.5 35,-33.5 62,-81 27,-47.5 43,-97.5 16,-50 26.5,-108.5 10.5,-58.5 14,-109 Q 1408,184 1408,131 z m -320,893 Q 1088,865 975.5,752.5 863,640 704,640 545,640 432.5,752.5 320,865 320,1024 320,1183 432.5,1295.5 545,1408 704,1408 863,1408 975.5,1295.5 1088,1183 1088,1024 z"
        fill="currentColor"
        fill-rule="nonzero"
      />
    </g>
  </svg>
</span>
`;

exports[`Icon component should match snapshot with Youtube icon 1`] = `
<span
  class="sc-bdVaJa kiatQR"
>
  <svg
    version="1.1"
    viewBox="0 0 1000 1000"
    x="0px"
    y="0px"
  >
    <g>
      <g>
        <g>
          <path
            d="M891,516.4c-4.7-21.5-15.2-39.6-31.4-54.1c-16.2-14.6-34.9-23.1-56.1-25.7c-67.1-7.3-168.2-10.9-303.5-10.9c-135.3,0-236.3,3.6-303,10.9c-21.5,2.6-40.3,11.1-56.3,25.7c-16,14.6-26.6,32.6-31.7,54.1c-9.5,42.3-14.2,106.1-14.2,191.4c0,86.8,4.7,150.6,14.2,191.4c4.7,21.5,15.2,39.6,31.5,54.1c16.2,14.6,34.9,23,56.1,25.2C263.6,986.2,364.7,990,500,990c135.2,0,236.4-3.8,303.5-11.5c21.2-2.2,39.7-10.6,55.8-25.2c16-14.6,26.6-32.6,31.7-54.1c9.5-42.3,14.2-106.1,14.2-191.4C905.2,621,900.5,557.2,891,516.4z M326.1,571.6h-58.5v311.2h-54.7V571.6h-57.4v-51.4h170.6L326.1,571.6L326.1,571.6z M473.8,882.8h-48.7v-29.5c-19.7,22.2-38.3,33.4-55.8,33.4c-16.8,0-27.3-6.8-31.7-20.2c-2.9-8.7-4.4-22.1-4.4-39.9V612.7h48.7v199.1c0,11.7,0.2,18,0.6,19.1c1.1,7.7,4.9,11.5,11.5,11.5c9.8,0,20.2-7.7,31.2-23V612.7h48.7L473.8,882.8L473.8,882.8z M659.7,801.9c0,26.6-1.6,44.9-4.9,54.7c-6.2,20-19.1,30.1-38.8,30.1c-17.5,0-34.4-10-50.9-30.1v26.2h-48.7V520.2h48.7v118.7c15.7-19.7,32.6-29.5,50.9-29.5c19.7,0,32.6,10.2,38.8,30.6c3.3,9.5,4.9,27.5,4.9,54.1V801.9z M844.5,757h-97.9v47.6c0,25.2,8.4,37.7,25.2,37.7c12,0,19.3-6.6,21.9-19.7c0.7-3.6,1.1-14.8,1.1-33.4h49.8v7.1c0,17.9-0.4,28.4-1.1,31.7c-1.1,9.8-4.9,19.7-11.5,29.5c-13.1,19.3-32.8,29-59.1,29c-25.1,0-44.8-9.3-59.1-27.9c-10.6-13.5-15.9-34.6-15.9-63.4v-94.6c0-28.8,5.1-49.9,15.3-63.4c14.2-18.6,33.7-27.9,58.5-27.9c24.4,0,43.8,9.3,58,27.9c9.9,13.5,14.8,34.6,14.8,63.4V757L844.5,757z"
            fill="currentColor"
            fill-rule="nonzero"
          />
          <path
            d="M589.7,653.7c-8.4,0-16.6,4-24.6,12v164.6c8,8,16.2,12,24.6,12c14.2,0,21.3-12.2,21.3-36.6V690.3C611,665.9,603.9,653.7,589.7,653.7z"
            fill="currentColor"
            fill-rule="nonzero"
          />
          <path
            d="M771.3,653.7c-16.4,0-24.6,12.4-24.6,37.2V716h49.2v-25.2C795.9,666.1,787.7,653.7,771.3,653.7z"
            fill="currentColor"
            fill-rule="nonzero"
          />
          <path
            d="M294.4,228.2v148.2h54.7V228.2L415.2,10h-55.8l-37.2,143.8L283.5,10h-58c10.2,30.6,22.1,64.7,35.5,102.3C278.2,162.6,289.3,201.2,294.4,228.2z"
            fill="currentColor"
            fill-rule="nonzero"
          />
          <path
            d="M488.5,380.2c25.2,0,44.5-9.3,58-27.9c10.2-13.5,15.3-35,15.3-64.5v-95.7c0-29.2-5.1-50.5-15.3-64c-13.5-18.6-32.8-27.9-58-27.9c-24.4,0-43.6,9.3-57.4,27.9c-10.2,13.5-15.3,34.8-15.3,64v95.7c0,29.2,5.1,50.7,15.3,64.5C445,370.9,464.1,380.2,488.5,380.2z M465,182.3c0-25.2,7.8-37.7,23.5-37.7s23.5,12.6,23.5,37.7v114.8c0,25.5-7.8,38.3-23.5,38.3S465,322.6,465,297.1V182.3z"
            fill="currentColor"
            fill-rule="nonzero"
          />
          <path
            d="M638.9,380.2c18.2,0,37-11.3,56.3-33.9v30.1H745V103.5h-49.8v208.4c-10.9,15.7-21.3,23.5-31.2,23.5c-6.6,0-10.4-4-11.5-12c-0.4-0.7-0.6-7.1-0.6-19.1V103.5h-49.8V319c0,18.6,1.5,32.3,4.4,41C611.4,373.5,622.1,380.2,638.9,380.2z"
            fill="currentColor"
            fill-rule="nonzero"
          />
        </g>
      </g>
      <g />
      <g />
      <g />
      <g />
      <g />
      <g />
      <g />
      <g />
      <g />
      <g />
      <g />
      <g />
      <g />
      <g />
      <g />
    </g>
  </svg>
</span>
`;
